// Jest Snapshot v1, https://goo.gl/fbAQLP

exports[`App matches a snapshot 1`] = `
Array [
  <header>
    <nav>
      <a
        href="/"
        onClick={[Function]}
      >
        Home
      </a>
      <a
        href="/users"
        onClick={[Function]}
      >
        All Users
      </a>
      <a
        href="/users/undefined"
        onClick={[Function]}
      >
        User Detail
      </a>
      <a
        href="/comments"
        onClick={[Function]}
      >
        All Comments
      </a>
      <a
        href="/posts"
        onClick={[Function]}
      >
        All Posts
      </a>
    </nav>
  </header>,
  <h1>
    Redux Blog
  </h1>,
  <h2>
    Hello Home!
  </h2>,
]
`;
